Nothing to build in platform 'design_1_wrapper'

19:57:12 **** Incremental Build of configuration Debug for project dma_zubaord ****
make all 
'Building file: ../src/dma_test.c'
'Invoking: ARM v8 gcc compiler'
aarch64-none-elf-gcc -Wall -O0 -g3 -c -fmessage-length=0 -MT"src/dma_test.o" -IC:/Users/TAlars/Documents/vivado_projects_tests/vipix/dma/dma_RW_Zynq/design_1_wrapper/export/design_1_wrapper/sw/design_1_wrapper/standalone_psu_cortexa53_0/bspinclude/include -MMD -MP -MF"src/dma_test.d" -MT"src/dma_test.o" -o "src/dma_test.o" "../src/dma_test.c"
../src/dma_test.c: In function 'main':
../src/dma_test.c:41:30: warning: cast from pointer to integer of different size [-Wpointer-to-int-cast]
   41 |         Xil_DCacheFlushRange((u32)a,ARRAY_SIZE*sizeof(u32));
      |                              ^
../src/dma_test.c:42:30: warning: cast from pointer to integer of different size [-Wpointer-to-int-cast]
   42 |         Xil_DCacheFlushRange((u32)b,ARRAY_SIZE*sizeof(u32));
      |                              ^
../src/dma_test.c:43:49: warning: cast from pointer to integer of different size [-Wpointer-to-int-cast]
   43 |         status = XAxiDma_SimpleTransfer(&myDma, (u32)b, ARRAY_SIZE*sizeof(u32),XAXIDMA_DEVICE_TO_DMA);
      |                                                 ^
../src/dma_test.c:44:49: warning: cast from pointer to integer of different size [-Wpointer-to-int-cast]
   44 |         status = XAxiDma_SimpleTransfer(&myDma, (u32)a, ARRAY_SIZE*sizeof(u32),XAXIDMA_DMA_TO_DEVICE);
      |                                                 ^
'Finished building: ../src/dma_test.c'
' '
'Building target: dma_zubaord.elf'
'Invoking: ARM v8 gcc linker'
aarch64-none-elf-gcc -Wl,-T -Wl,../src/lscript.ld -LC:/Users/TAlars/Documents/vivado_projects_tests/vipix/dma/dma_RW_Zynq/design_1_wrapper/export/design_1_wrapper/sw/design_1_wrapper/standalone_psu_cortexa53_0/bsplib/lib -o "dma_zubaord.elf"  ./src/dma_test.o   -Wl,--start-group,-lxil,-lgcc,-lc,--end-group
'Finished building target: dma_zubaord.elf'
' '
'Invoking: ARM v8 Print Size'
aarch64-none-elf-size dma_zubaord.elf  |tee "dma_zubaord.elf.size"
   text	   data	    bss	    dec	    hex	filename
  44912	   4208	  20796	  69916	  1111c	dma_zubaord.elf
'Finished building: dma_zubaord.elf.size'
' '
