

================================================================
== Synthesis Summary Report of 'main_func'
================================================================
+ General Information: 
    * Date:           Wed Oct  9 10:12:43 2024
    * Version:        2022.2 (Build 3670227 on Oct 13 2022)
    * Project:        prbs_7_taps
    * Solution:       solution1 (Vivado IP Flow Target)
    * Product family: zynquplus
    * Target device:  xczu9eg-ffvb1156-2-e
    

+ Performance & Resource Estimates: 
    
    PS: '+' for module; 'o' for loop; '*' for dataflow
    +----------------+------+------+---------+--------+----------+---------+------+----------+------+----+----------+---------+-----+
    |     Modules    | Issue|      | Latency | Latency| Iteration|         | Trip |          |      |    |          |         |     |
    |     & Loops    | Type | Slack| (cycles)|  (ns)  |  Latency | Interval| Count| Pipelined| BRAM | DSP|    FF    |   LUT   | URAM|
    +----------------+------+------+---------+--------+----------+---------+------+----------+------+----+----------+---------+-----+
    |+ main_func     |    II|  7.01|        0|   0.000|         -|        1|     -|       yes|     -|   -|  17 (~0%)|  6 (~0%)|    -|
    | + first_func   |    II|  7.01|        0|   0.000|         -|        1|     -|       yes|     -|   -|   8 (~0%)|  2 (~0%)|    -|
    | + second_func  |    II|  7.01|        0|   0.000|         -|        1|     -|       yes|     -|   -|   8 (~0%)|  2 (~0%)|    -|
    +----------------+------+------+---------+--------+----------+---------+------+----------+------+----+----------+---------+-----+


================================================================
== HW Interfaces
================================================================
* Other Ports
+-----------+---------+----------+
| Interface | Mode    | Bitwidth |
+-----------+---------+----------+
| compare   | ap_none | 1        |
| in_r      | ap_none | 1        |
| out_r     | ap_none | 1        |
+-----------+---------+----------+

* TOP LEVEL CONTROL
+-----------+--------------+--------+
| Interface | Type         | Ports  |
+-----------+--------------+--------+
| ap_clk    | clock        | ap_clk |
| ap_rst    | reset        | ap_rst |
| ap_ctrl   | ap_ctrl_none |        |
+-----------+--------------+--------+


================================================================
== SW I/O Information
================================================================
* Top Function Arguments
+----------+-----------+----------+
| Argument | Direction | Datatype |
+----------+-----------+----------+
| in       | in        | bool     |
| out      | out       | bool&    |
| compare  | out       | bool&    |
+----------+-----------+----------+

* SW-to-HW Mapping
+----------+--------------+---------+
| Argument | HW Interface | HW Type |
+----------+--------------+---------+
| in       | in_r         | port    |
| out      | out_r        | port    |
| compare  | compare      | port    |
+----------+--------------+---------+


================================================================
== Bind Op Report
================================================================
  No bind op info in design

================================================================
== Bind Storage Report
================================================================
  No bind storage info in design

================================================================
== Pragma Report
================================================================
* Valid Pragma Syntax
+-----------+--------------------------+------------------------------------------------------+
| Type      | Options                  | Location                                             |
+-----------+--------------------------+------------------------------------------------------+
| inline    | off                      | prbs_7_taps/source/prbs.cpp:10 in first_func         |
| inline    | off                      | prbs_7_taps/source/prbs.cpp:32 in second_func        |
| pipeline  |                          | prbs_7_taps/source/prbs.cpp:59 in main_func          |
| interface | ap_none port=in          | prbs_7_taps/source/prbs.cpp:60 in main_func, in      |
| interface | ap_none port=out         | prbs_7_taps/source/prbs.cpp:61 in main_func, out     |
| interface | ap_none port=compare     | prbs_7_taps/source/prbs.cpp:62 in main_func, compare |
| interface | ap_ctrl_none port=return | prbs_7_taps/source/prbs.cpp:63 in main_func, return  |
+-----------+--------------------------+------------------------------------------------------+


