Nothing to build in platform 'design_1_wrapper'

12:00:35 **** Incremental Build of configuration Debug for project led_controller_sw ****
make all 
Building file: ../src/helloworld.c
Invoking: ARM v8 gcc compiler
aarch64-none-elf-gcc -Wall -O0 -g3 -c -fmessage-length=0 -MT"src/helloworld.o" -I/home/workshop/led_controller/design_1_wrapper/export/design_1_wrapper/sw/design_1_wrapper/standalone_psu_cortexa53_0/bspinclude/include -MMD -MP -MF"src/helloworld.d" -MT"src/helloworld.o" -o "src/helloworld.o" "../src/helloworld.c"
Finished building: ../src/helloworld.c
 
Building target: led_controller_sw.elf
Invoking: ARM v8 gcc linker
aarch64-none-elf-gcc -Wl,-T -Wl,../src/lscript.ld -L/home/workshop/led_controller/design_1_wrapper/export/design_1_wrapper/sw/design_1_wrapper/standalone_psu_cortexa53_0/bsplib/lib -o "led_controller_sw.elf" ./src/helloworld.o ./src/platform.o   -Wl,--start-group,-lxil,-lgcc,-lc,--end-group
Finished building target: led_controller_sw.elf
 
Invoking: ARM v8 Print Size
aarch64-none-elf-size led_controller_sw.elf  |tee "led_controller_sw.elf.size"
   text	   data	    bss	    dec	    hex	filename
 110219	   4552	  20765	 135536	  21170	led_controller_sw.elf
Finished building: led_controller_sw.elf.size
 
12:00:36 **** Incremental Build of configuration Debug for project led_controller_sw_system ****
make all 
Generating bif file for the system project
Executing command '::scw::generate_bif -xpfm /home/workshop/led_controller/design_1_wrapper/export/design_1_wrapper/design_1_wrapper.xpfm -domains standalone_psu_cortexa53_0 -bifpath /home/workshop/led_controller/led_controller_sw_system/Debug/system.bif' on XSCT
sdcard_gen --xpfm /home/workshop/led_controller/design_1_wrapper/export/design_1_wrapper/design_1_wrapper.xpfm --sys_config design_1_wrapper --bif /home/workshop/led_controller/led_controller_sw_system/Debug/system.bif --bitstream /home/workshop/led_controller/led_controller_sw/_ide/bitstream/design_1_wrapper.bit --elf /home/workshop/led_controller/led_controller_sw/Debug/led_controller_sw.elf,psu_cortexa53_0
creating BOOT.BIN using /home/workshop/led_controller/led_controller_sw/_ide/bitstream/design_1_wrapper.bit
Running /tools/Xilinx/Vitis/2022.2/bin/bootgen -arch zynqmp -image /home/workshop/led_controller/led_controller_sw_system/Debug/sd_card_temp/boot.bif -w -o i BOOT.BIN
