12:00:35 **** Incremental Build of configuration Debug for project led_controller_sw ****
make all 
Building file: ../src/helloworld.c
Invoking: ARM v8 gcc compiler
aarch64-none-elf-gcc -Wall -O0 -g3 -c -fmessage-length=0 -MT"src/helloworld.o" -I/home/workshop/led_controller/design_1_wrapper/export/design_1_wrapper/sw/design_1_wrapper/standalone_psu_cortexa53_0/bspinclude/include -MMD -MP -MF"src/helloworld.d" -MT"src/helloworld.o" -o "src/helloworld.o" "../src/helloworld.c"
Finished building: ../src/helloworld.c
 
Building target: led_controller_sw.elf
Invoking: ARM v8 gcc linker
aarch64-none-elf-gcc -Wl,-T -Wl,../src/lscript.ld -L/home/workshop/led_controller/design_1_wrapper/export/design_1_wrapper/sw/design_1_wrapper/standalone_psu_cortexa53_0/bsplib/lib -o "led_controller_sw.elf" ./src/helloworld.o ./src/platform.o   -Wl,--start-group,-lxil,-lgcc,-lc,--end-group
Finished building target: led_controller_sw.elf
 
Invoking: ARM v8 Print Size
aarch64-none-elf-size led_controller_sw.elf  |tee "led_controller_sw.elf.size"
   text	   data	    bss	    dec	    hex	filename
 110219	   4552	  20765	 135536	  21170	led_controller_sw.elf
Finished building: led_controller_sw.elf.size
 

12:00:36 Build Finished (took 377ms)

