

================================================================
== Vitis HLS Report for 'first_func'
================================================================
* Date:           Wed Oct  9 10:12:41 2024

* Version:        2022.2 (Build 3670227 on Oct 13 2022)
* Project:        prbs_7_taps
* Solution:       solution1 (Vivado IP Flow Target)
* Product family: zynquplus
* Target device:  xczu9eg-ffvb1156-2-e


================================================================
== Performance Estimates
================================================================
+ Timing: 
    * Summary: 
    +--------+----------+----------+------------+
    |  Clock |  Target  | Estimated| Uncertainty|
    +--------+----------+----------+------------+
    |ap_clk  |  10.00 ns|  0.287 ns|     2.70 ns|
    +--------+----------+----------+------------+

+ Latency: 
    * Summary: 
    +---------+---------+----------+----------+-----+-----+---------+
    |  Latency (cycles) |  Latency (absolute) |  Interval | Pipeline|
    |   min   |   max   |    min   |    max   | min | max |   Type  |
    +---------+---------+----------+----------+-----+-----+---------+
    |        0|        0|      0 ns|      0 ns|    1|    1|      yes|
    +---------+---------+----------+----------+-----+-----+---------+

    + Detail: 
        * Instance: 
        N/A

        * Loop: 
        N/A

============================================================
+ Verbose Summary: Synthesis Manager
============================================================
InlineROM: 1
ExposeGlobal: 0
============================================================
+ Verbose Summary: CDFG Model
============================================================
IsTopModel: 0
ResetActiveHigh: 1
IsCombinational: 0
IsDatapathOnly: 0
HasWiredReturn: 1
HasMFsm: 2
HasVarLatency: 0
IsPipeline: 1
IsRtlPipelined: 0
IsInstanceOverlapped: 0
IsDontTouch: 0
HasImplIP: 0
IsGatedGlobalClock: 0

+ Individual pipeline summary: 
  * Pipeline-0: initiation interval (II) = 1, depth = 1


============================================================
+ Verbose Summary: Schedule
============================================================
* Number of FSM states : 1
* Pipeline : 1
  Pipeline-0 : II = 1, D = 1, States = { 1 }
* Dataflow Pipeline: 0

* FSM state transitions: 
1 --> 

* FSM state operations: 

State 1 <SV = 0> <Delay = 0.28>
ST_1 : Operation 2 [1/1] (0.00ns)   --->   "%lfsr_shift_V_1_load = load i7 %lfsr_shift_V_1"   --->   Operation 2 'load' 'lfsr_shift_V_1_load' <Predicate = true> <Delay = 0.00>
ST_1 : Operation 3 [1/1] (0.00ns)   --->   "%tmp = bitselect i1 @_ssdm_op_BitSelect.i1.i7.i32, i7 %lfsr_shift_V_1_load, i32 6" [prbs_7_taps/source/prbs.cpp:21]   --->   Operation 3 'bitselect' 'tmp' <Predicate = true> <Delay = 0.00>
ST_1 : Operation 4 [1/1] (0.00ns)   --->   "%tmp_2 = bitselect i1 @_ssdm_op_BitSelect.i1.i7.i32, i7 %lfsr_shift_V_1_load, i32 5" [prbs_7_taps/source/prbs.cpp:21]   --->   Operation 4 'bitselect' 'tmp_2' <Predicate = true> <Delay = 0.00>
ST_1 : Operation 5 [1/1] (0.28ns)   --->   "%bit_xor = xor i1 %tmp, i1 %tmp_2" [prbs_7_taps/source/prbs.cpp:21]   --->   Operation 5 'xor' 'bit_xor' <Predicate = true> <Delay = 0.28> <CoreInst = "LogicGate">   --->   Core 74 'LogicGate' <Latency = 0> <II = 1> <Delay = 0.28> <FuncUnit> <Opcode : 'and' 'or' 'xor'> <InPorts = 2> <OutPorts = 1>
ST_1 : Operation 6 [1/1] (0.00ns)   --->   "%lshr_ln = partselect i6 @_ssdm_op_PartSelect.i6.i7.i32.i32, i7 %lfsr_shift_V_1_load, i32 1, i32 6"   --->   Operation 6 'partselect' 'lshr_ln' <Predicate = true> <Delay = 0.00>
ST_1 : Operation 7 [1/1] (0.00ns)   --->   "%ret_V = bitconcatenate i7 @_ssdm_op_BitConcatenate.i7.i1.i6, i1 %bit_xor, i6 %lshr_ln"   --->   Operation 7 'bitconcatenate' 'ret_V' <Predicate = true> <Delay = 0.00>
ST_1 : Operation 8 [1/1] (0.00ns)   --->   "%store_ln24 = store i7 %ret_V, i7 %lfsr_shift_V_1" [prbs_7_taps/source/prbs.cpp:24]   --->   Operation 8 'store' 'store_ln24' <Predicate = true> <Delay = 0.00>
ST_1 : Operation 9 [1/1] (0.00ns)   --->   "%ret_ln26 = ret i1 %bit_xor" [prbs_7_taps/source/prbs.cpp:26]   --->   Operation 9 'ret' 'ret_ln26' <Predicate = true> <Delay = 0.00>


============================================================
+ Verbose Summary: Timing violations
============================================================
Target clock period: 10ns, clock uncertainty: 2.7ns.

 <State 1>: 0.287ns
The critical path consists of the following:
	'load' operation ('lfsr_shift_V_1_load') on static variable 'lfsr_shift_V_1' [2]  (0 ns)
	'xor' operation ('bit_xor', prbs_7_taps/source/prbs.cpp:21) [5]  (0.287 ns)


============================================================
+ Verbose Summary: Binding
============================================================
N/A
* FSMD analyzer results:
  - Output states:
 - Input state : 
  - Chain level:
	State 1


============================================================
+ Verbose Summary: Datapath Resource usage 
============================================================
N/A
