

================================================================
== Vitis HLS Report for 'top'
================================================================
* Date:           Fri Oct 11 11:03:55 2024

* Version:        2022.2 (Build 3670227 on Oct 13 2022)
* Project:        wb_s_uart_fd
* Solution:       solution1 (Vivado IP Flow Target)
* Product family: zynquplus
* Target device:  xczu9eg-ffvb1156-2-e


================================================================
== Performance Estimates
================================================================
+ Timing: 
    * Summary: 
    +--------+----------+----------+------------+
    |  Clock |  Target  | Estimated| Uncertainty|
    +--------+----------+----------+------------+
    |ap_clk  |  10.00 ns|  2.294 ns|     2.70 ns|
    +--------+----------+----------+------------+

+ Latency: 
    * Summary: 
    +---------+---------+----------+----------+-----+-----+---------+
    |  Latency (cycles) |  Latency (absolute) |  Interval | Pipeline|
    |   min   |   max   |    min   |    max   | min | max |   Type  |
    +---------+---------+----------+----------+-----+-----+---------+
    |        0|        0|      0 ns|      0 ns|    1|    1|      yes|
    +---------+---------+----------+----------+-----+-----+---------+

    + Detail: 
        * Instance: 
        N/A

        * Loop: 
        N/A



================================================================
== Utilization Estimates
================================================================
* Summary: 
+-----------------+---------+------+--------+--------+-----+
|       Name      | BRAM_18K|  DSP |   FF   |   LUT  | URAM|
+-----------------+---------+------+--------+--------+-----+
|DSP              |        -|     -|       -|       -|    -|
|Expression       |        -|     -|       0|     199|    -|
|FIFO             |        -|     -|       -|       -|    -|
|Instance         |        -|     -|       -|       -|    -|
|Memory           |        -|     -|       -|       -|    -|
|Multiplexer      |        -|     -|       -|     177|    -|
|Register         |        -|     -|     119|       -|    -|
+-----------------+---------+------+--------+--------+-----+
|Total            |        0|     0|     119|     376|    0|
+-----------------+---------+------+--------+--------+-----+
|Available        |     1824|  2520|  548160|  274080|    0|
+-----------------+---------+------+--------+--------+-----+
|Utilization (%)  |        0|     0|      ~0|      ~0|    0|
+-----------------+---------+------+--------+--------+-----+

+ Detail: 
    * Instance: 
    N/A

    * DSP: 
    N/A

    * Memory: 
    N/A

    * FIFO: 
    N/A

    * Expression: 
    +-----------------------+----------+----+---+----+------------+------------+
    |     Variable Name     | Operation| DSP| FF| LUT| Bitwidth P0| Bitwidth P1|
    +-----------------------+----------+----+---+----+------------+------------+
    |add_ln111_fu_551_p2    |         +|   0|  0|  39|          32|           1|
    |add_ln79_fu_504_p2     |         +|   0|  0|  39|          32|           1|
    |grp_fu_400_p2          |         +|   0|  0|  39|          32|           2|
    |and_ln54_1_fu_582_p2   |       and|   0|  0|   2|           1|           1|
    |and_ln54_fu_576_p2     |       and|   0|  0|   2|           1|           1|
    |and_ln61_fu_594_p2     |       and|   0|  0|   2|           1|           1|
    |grp_fu_395_p2          |      icmp|   0|  0|  20|          32|           1|
    |icmp_ln1019_fu_570_p2  |      icmp|   0|  0|  11|           8|           4|
    |icmp_ln112_fu_558_p2   |      icmp|   0|  0|  20|          32|           4|
    |icmp_ln80_fu_511_p2    |      icmp|   0|  0|  20|          32|           4|
    |next_state_fu_600_p3   |    select|   0|  0|   3|           1|           3|
    |xor_ln61_fu_588_p2     |       xor|   0|  0|   2|           1|           2|
    +-----------------------+----------+----+---+----+------------+------------+
    |Total                  |          |   0|  0| 199|         205|          25|
    +-----------------------+----------+----+---+----+------------+------------+

    * Multiplexer: 
    +----------------------------------------+----+-----------+-----+-----------+
    |                  Name                  | LUT| Input Size| Bits| Total Bits|
    +----------------------------------------+----+-----------+-----+-----------+
    |ack                                     |  14|          3|    1|          3|
    |ap_phi_mux_i_new_0_phi_fu_221_p22       |  20|          4|   32|        128|
    |ap_phi_mux_j_flag_0_phi_fu_258_p22      |  14|          3|    1|          3|
    |ap_phi_mux_j_new_0_phi_fu_296_p22       |  14|          3|   32|         96|
    |ap_phi_mux_next_state_1_phi_fu_361_p22  |  26|          5|    2|         10|
    |ap_phi_mux_phi_ln186_phi_fu_333_p22     |  20|          4|   10|         40|
    |ap_phi_mux_tx_ff_flag_0_phi_fu_152_p22  |  14|          3|    1|          3|
    |ap_phi_mux_tx_ff_loc_0_phi_fu_190_p22   |  26|          5|    1|          5|
    |baud_count                              |  20|          4|   32|        128|
    |uart_rd_shift_V                         |   9|          2|   11|         22|
    +----------------------------------------+----+-----------+-----+-----------+
    |Total                                   | 177|         36|  123|        438|
    +----------------------------------------+----+-----------+-----+-----------+

    * Register: 
    +-----------------+----+----+-----+-----------+
    |       Name      | FF | LUT| Bits| Const Bits|
    +-----------------+----+----+-----+-----------+
    |ap_CS_fsm        |   1|   0|    1|          0|
    |baud_count       |  32|   0|   32|          0|
    |i                |  32|   0|   32|          0|
    |j                |  32|   0|   32|          0|
    |state            |   2|   0|    2|          0|
    |tx_ff            |   1|   0|    1|          0|
    |uart_rd_shift_V  |  11|   0|   11|          0|
    |uart_wr_shift_V  |   8|   0|   10|          2|
    +-----------------+----+----+-----+-----------+
    |Total            | 119|   0|  121|          2|
    +-----------------+----+----+-----+-----------+



================================================================
== Interface
================================================================
* Summary: 
+----------+-----+-----+--------------+--------------+--------------+
| RTL Ports| Dir | Bits|   Protocol   | Source Object|    C Type    |
+----------+-----+-----+--------------+--------------+--------------+
|ap_clk    |   in|    1|  ap_ctrl_none|           top|  return value|
|ap_rst    |   in|    1|  ap_ctrl_none|           top|  return value|
|adr       |   in|    8|       ap_none|           adr|        scalar|
|we        |   in|    1|       ap_none|            we|        scalar|
|cyc       |   in|    1|       ap_none|           cyc|        scalar|
|stb       |   in|    1|       ap_none|           stb|        scalar|
|wb_in     |   in|    8|       ap_none|         wb_in|        scalar|
|rx        |   in|    1|       ap_none|            rx|        scalar|
|tx        |  out|    1|       ap_none|            tx|       pointer|
|ack       |  out|    1|       ap_none|           ack|       pointer|
|uart_out  |  out|   10|       ap_none|      uart_out|       pointer|
+----------+-----+-----+--------------+--------------+--------------+

