01:12:56 **** Incremental Build of configuration Debug for project bram_ddr ****
make all 
'Building file: ../src/helloworld.c'
'Invoking: ARM v8 32 Bit gcc compiler'
arm-none-eabi-gcc -Wall -O0 -g3 -c -fmessage-length=0 -MT"src/helloworld.o" -march=armv7-a -mfpu=vfpv3 -mfloat-abi=hard -IC:/Users/TAlars/Documents/vivado_projects_tests/vipix/bram/design_1_wrapper/export/design_1_wrapper/sw/design_1_wrapper/standalone_psu_cortexa53_0/bspinclude/include -MMD -MP -MF"src/helloworld.d" -MT"src/helloworld.o" -o "src/helloworld.o" "../src/helloworld.c"
'Finished building: ../src/helloworld.c'
' '
'Building target: bram_ddr.elf'
'Invoking: ARM v8 32 Bit gcc linker'
arm-none-eabi-gcc -march=armv7-a -mfpu=vfpv3 -mfloat-abi=hard -Wl,-T -Wl,../src/lscript.ld -LC:/Users/TAlars/Documents/vivado_projects_tests/vipix/bram/design_1_wrapper/export/design_1_wrapper/sw/design_1_wrapper/standalone_psu_cortexa53_0/bsplib/lib -o "bram_ddr.elf"  ./src/helloworld.o ./src/platform.o   -Wl,--start-group,-lxil,-lgcc,-lc,--end-group
'Finished building target: bram_ddr.elf'
' '
'Invoking: ARM v8 32 Bit Print Size'
arm-none-eabi-size bram_ddr.elf  |tee "bram_ddr.elf.size"
   text	   data	    bss	    dec	    hex	filename
  32454	   2264	  23120	  57838	   e1ee	bram_ddr.elf
'Finished building: bram_ddr.elf.size'
' '

01:12:57 Build Finished (took 1s.408ms)

